HolonicsResearch/Zeta/ModularScatteringResidual.lean:94:4: warning: Used `tac1 <;> tac2` where `(tac1; tac2)` would suffice

Note: This linter can be disabled with `set_option linter.unnecessarySeqFocus false`
HolonicsResearch/Zeta/ModularScatteringResidual.lean:128:4: error: Type mismatch
  HasDerivAt.comp w ?m.159 ha
has type
  HasDerivAt (?m.156 ∘ fun v => 2 * v - a) (?m.158 * 2) w
but is expected to have type
  HasDerivAt (fun v => riemannXi (2 * v - a)) (deriv riemannXi (2 * w - a) * 2) w
HolonicsResearch/Zeta/ModularScatteringResidual.lean:141:54: error: `fun_prop` was unable to prove `DifferentiableAt ?m.138 ?m.149 w`

Issues:
'Holonics.Zeta.ModularScatteringResidual.modularScattering_eq_xiScatteringChart' depends on axioms: [propext,
 Classical.choice,
 Quot.sound]
'Holonics.Zeta.ModularScatteringResidual.modularScattering_eq_gammaR_zeta' depends on axioms: [propext,
 Classical.choice,
 Quot.sound]
'Holonics.Zeta.ModularScatteringResidual.logDeriv_xi_two_mul_sub' depends on axioms: [propext,
 sorryAx,
 Classical.choice,
 Quot.sound]
'Holonics.Zeta.ModularScatteringResidual.logDeriv_xiScatteringChart' depends on axioms: [propext,
 sorryAx,
 Classical.choice,
 Quot.sound]
'Holonics.Zeta.ModularScatteringResidual.logDeriv_modularScattering' depends on axioms: [propext,
 sorryAx,
 Classical.choice,
 Quot.sound]
'Holonics.Zeta.ModularScatteringResidual.xiScattering_current_residual' depends on axioms: [propext,
 sorryAx,
 Classical.choice,
 Quot.sound]
'Holonics.Zeta.ModularScatteringResidual.modularScattering_current_residual' depends on axioms: [propext,
 sorryAx,
 Classical.choice,
 Quot.sound]
'Holonics.Zeta.ModularScatteringResidual.xiCurrentRemainder_eq_tail' depends on axioms: [propext,
 Classical.choice,
 Quot.sound]
'Holonics.Zeta.ModularScatteringResidual.modularScattering_current_residual_eq_tail' depends on axioms: [propext,
 sorryAx,
 Classical.choice,
 Quot.sound]
'Holonics.Zeta.ModularScatteringResidual.xiCurrentRemainder_pullback_enclosures' depends on axioms: [propext,
 Classical.choice,
 Quot.sound]
