/home/b/Workspaces/holonics/.local/lean-rust-pruning/admission-v1/helical-code-20261008-v130/source-v1/Holonics/Transport/HelicalCode.lean:141:36: warning: Unused tactic linter: `done` does nothing

Note: This linter can be disabled with `set_option linter.unusedTactic false`
/home/b/Workspaces/holonics/.local/lean-rust-pruning/admission-v1/helical-code-20261008-v130/source-v1/Holonics/Transport/HelicalCode.lean:142:6: warning: Unused tactic linter: `simp [complementReverse, hσ.comp_self]` does nothing

Note: This linter can be disabled with `set_option linter.unusedTactic false`
/home/b/Workspaces/holonics/.local/lean-rust-pruning/admission-v1/helical-code-20261008-v130/source-v1/Holonics/Transport/HelicalCode.lean:142:6: warning: this tactic is never executed

Note: This linter can be disabled with `set_option linter.unreachableTactic false`
/home/b/Workspaces/holonics/.local/lean-rust-pruning/admission-v1/helical-code-20261008-v130/source-v1/Holonics/Transport/HelicalCode.lean:236:8: warning: Unused tactic linter: `exact ⟨fun u => ⟨u.1, u.2⟩, fun v => ⟨v.1, v.2⟩, fun _ => rfl, fun _ => rfl⟩` does nothing

Note: This linter can be disabled with `set_option linter.unusedTactic false`
/home/b/Workspaces/holonics/.local/lean-rust-pruning/admission-v1/helical-code-20261008-v130/source-v1/Holonics/Transport/HelicalCode.lean:236:8: warning: this tactic is never executed

Note: This linter can be disabled with `set_option linter.unreachableTactic false`
/home/b/Workspaces/holonics/.local/lean-rust-pruning/admission-v1/helical-code-20261008-v130/source-v1/Holonics/Transport/HelicalCode.lean:317:6: warning: Unused tactic linter: `simp [crossingChange]` does nothing

Note: This linter can be disabled with `set_option linter.unusedTactic false`
/home/b/Workspaces/holonics/.local/lean-rust-pruning/admission-v1/helical-code-20261008-v130/source-v1/Holonics/Transport/HelicalCode.lean:317:6: warning: this tactic is never executed

Note: This linter can be disabled with `set_option linter.unreachableTactic false`
/home/b/Workspaces/holonics/.local/lean-rust-pruning/admission-v1/helical-code-20261008-v130/source-v1/Holonics/Transport/HelicalCode.lean:323:6: warning: Unused tactic linter: `simp [crossingChange, hk]` does nothing

Note: This linter can be disabled with `set_option linter.unusedTactic false`
/home/b/Workspaces/holonics/.local/lean-rust-pruning/admission-v1/helical-code-20261008-v130/source-v1/Holonics/Transport/HelicalCode.lean:323:6: warning: this tactic is never executed

Note: This linter can be disabled with `set_option linter.unreachableTactic false`
/home/b/Workspaces/holonics/.local/lean-rust-pruning/admission-v1/helical-code-20261008-v130/source-v1/Holonics/Transport/HelicalCode.lean:427:33: warning: Unused tactic linter: `done` does nothing

Note: This linter can be disabled with `set_option linter.unusedTactic false`
/home/b/Workspaces/holonics/.local/lean-rust-pruning/admission-v1/helical-code-20261008-v130/source-v1/Holonics/Transport/HelicalCode.lean:428:8: warning: Unused tactic linter: `simp [strandFace, ih, smul_add, smul_smul, pow_succ', add_assoc]` does nothing

Note: This linter can be disabled with `set_option linter.unusedTactic false`
/home/b/Workspaces/holonics/.local/lean-rust-pruning/admission-v1/helical-code-20261008-v130/source-v1/Holonics/Transport/HelicalCode.lean:428:8: warning: this tactic is never executed

Note: This linter can be disabled with `set_option linter.unreachableTactic false`
/home/b/Workspaces/holonics/.local/lean-rust-pruning/admission-v1/helical-code-20261008-v130/source-v1/Holonics/Transport/HelicalCode.lean:487:57: warning: Unused tactic linter: `done` does nothing

Note: This linter can be disabled with `set_option linter.unusedTactic false`
/home/b/Workspaces/holonics/.local/lean-rust-pruning/admission-v1/helical-code-20261008-v130/source-v1/Holonics/Transport/HelicalCode.lean:488:8: warning: Unused tactic linter: `simp [List.ofFn_succ, strandFace, ih, Fin.sum_univ_succ, Finset.smul_sum, pow_succ',
  smul_smul]` does nothing

Note: This linter can be disabled with `set_option linter.unusedTactic false`
/home/b/Workspaces/holonics/.local/lean-rust-pruning/admission-v1/helical-code-20261008-v130/source-v1/Holonics/Transport/HelicalCode.lean:488:8: warning: this tactic is never executed

Note: This linter can be disabled with `set_option linter.unreachableTactic false`
/home/b/Workspaces/holonics/.local/lean-rust-pruning/admission-v1/helical-code-20261008-v130/source-v1/Holonics/Transport/HelicalCode.lean:754:10: warning: Unused tactic linter: `aesop` does nothing

Note: This linter can be disabled with `set_option linter.unusedTactic false`
/home/b/Workspaces/holonics/.local/lean-rust-pruning/admission-v1/helical-code-20261008-v130/source-v1/Holonics/Transport/HelicalCode.lean:754:10: warning: this tactic is never executed

Note: This linter can be disabled with `set_option linter.unreachableTactic false`
/home/b/Workspaces/holonics/.local/lean-rust-pruning/admission-v1/helical-code-20261008-v130/source-v1/Holonics/Transport/HelicalCode.lean:876:6: warning: Unused tactic linter: `rfl` does nothing

Note: This linter can be disabled with `set_option linter.unusedTactic false`
/home/b/Workspaces/holonics/.local/lean-rust-pruning/admission-v1/helical-code-20261008-v130/source-v1/Holonics/Transport/HelicalCode.lean:877:6: warning: Unused tactic linter: `simp` does nothing

Note: This linter can be disabled with `set_option linter.unusedTactic false`
/home/b/Workspaces/holonics/.local/lean-rust-pruning/admission-v1/helical-code-20261008-v130/source-v1/Holonics/Transport/HelicalCode.lean:876:6: warning: this tactic is never executed

Note: This linter can be disabled with `set_option linter.unreachableTactic false`
/home/b/Workspaces/holonics/.local/lean-rust-pruning/admission-v1/helical-code-20261008-v130/source-v1/Holonics/Transport/HelicalCode.lean:877:6: warning: this tactic is never executed

Note: This linter can be disabled with `set_option linter.unreachableTactic false`
/home/b/Workspaces/holonics/.local/lean-rust-pruning/admission-v1/helical-code-20261008-v130/source-v1/Holonics/Transport/HelicalCode.lean:929:13: warning: `Set.mem_setOf_eq` has been deprecated: Use `Set.mem_ofPred_eq` instead
/home/b/Workspaces/holonics/.local/lean-rust-pruning/admission-v1/helical-code-20261008-v130/source-v1/Holonics/Transport/HelicalCode.lean:969:6: warning: Unused tactic linter: `(simp only [h1, h2]; ring)` does nothing

Note: This linter can be disabled with `set_option linter.unusedTactic false`
/home/b/Workspaces/holonics/.local/lean-rust-pruning/admission-v1/helical-code-20261008-v130/source-v1/Holonics/Transport/HelicalCode.lean:969:6: warning: this tactic is never executed

Note: This linter can be disabled with `set_option linter.unreachableTactic false`
'Holonics.Transport.HelicalCode.complementReverse' does not depend on any axioms
'Holonics.Transport.HelicalCode.complementReverse_nil' depends on axioms: [propext]
'Holonics.Transport.HelicalCode.complementReverse_cons' depends on axioms: [propext]
'Holonics.Transport.HelicalCode.complementReverse_append' depends on axioms: [propext]
'Holonics.Transport.HelicalCode.length_complementReverse' depends on axioms: [propext]
'Holonics.Transport.HelicalCode.complementReverse_involutive' depends on axioms: [propext, Quot.sound]
'Holonics.Transport.HelicalCode.complementReverse_ne_of_middle' depends on axioms: [propext]
'Holonics.Transport.HelicalCode.even_length_of_fixed' depends on axioms: [propext, Classical.choice, Quot.sound]
'Holonics.Transport.HelicalCode.eq_complementReverse_of_fixed' depends on axioms: [propext]
'Holonics.Transport.HelicalCode.fixed_eq_take_append' depends on axioms: [propext, Quot.sound]
'Holonics.Transport.HelicalCode.complementReverse_append_self' depends on axioms: [propext, Quot.sound]
'Holonics.Transport.HelicalCode.length_append_complementReverse' depends on axioms: [propext, Quot.sound]
'Holonics.Transport.HelicalCode.firstHalfEquiv' depends on axioms: [propext, Quot.sound]
'Holonics.Transport.HelicalCode.card_fixedWords' depends on axioms: [propext, Classical.choice, Quot.sound]
'Holonics.Transport.HelicalCode.phaseTransport_eq_reflectedReturn' depends on axioms: [propext]
'Holonics.Transport.HelicalCode.phaseTransport_mul_self' depends on axioms: [propext]
'Holonics.Transport.HelicalCode.phaseTransport_ne_self' depends on axioms: [propext, Classical.choice, Quot.sound]
'Holonics.Transport.HelicalCode.involutive_of_mul_self' depends on axioms: [Quot.sound]
'Holonics.Transport.HelicalCode.phaseTransport_pairing' depends on axioms: [propext, Classical.choice, Quot.sound]
'Holonics.Transport.HelicalCode.phaseTransport_reciprocal' depends on axioms: [propext, Classical.choice, Quot.sound]
'Holonics.Transport.HelicalCode.complementReverse_involutive_at_phase' depends on axioms: [propext,
 Classical.choice,
 Quot.sound]
'Holonics.Transport.HelicalCode.even_length_of_fixed_at_phase' depends on axioms: [propext,
 Classical.choice,
 Quot.sound]
'Holonics.Transport.HelicalCode.card_fixedWords_at_phase' depends on axioms: [propext, Classical.choice, Quot.sound]
'Holonics.Transport.HelicalCode.crossingChange' does not depend on any axioms
'Holonics.Transport.HelicalCode.crossingChange_self' does not depend on any axioms
'Holonics.Transport.HelicalCode.crossingChange_of_ne' does not depend on any axioms
'Holonics.Transport.HelicalCode.sum_crossingChange_sub' depends on axioms: [propext, Classical.choice, Quot.sound]
'Holonics.Transport.HelicalCode.sum_crossingChange_eq_pm_two' depends on axioms: [propext, Classical.choice, Quot.sound]
'Holonics.Transport.HelicalCode.half_sum_crossingChange' depends on axioms: [propext, Classical.choice, Quot.sound]
'Holonics.Transport.HelicalCode.geom_smul_sum_succ'' depends on axioms: [propext, Classical.choice, Quot.sound]
'Holonics.Transport.HelicalCode.geom_smul_sum_sub' depends on axioms: [propext, Classical.choice, Quot.sound]
'Holonics.Transport.HelicalCode.one_sub_smul_geom_sum' depends on axioms: [propext, Classical.choice, Quot.sound]
'Holonics.Transport.HelicalCode.strandFace' depends on axioms: [propext]
'Holonics.Transport.HelicalCode.strandFace_singleton' depends on axioms: [propext]
'Holonics.Transport.HelicalCode.strandFace_append' depends on axioms: [propext]
'Holonics.Transport.HelicalCode.repeatWord' does not depend on any axioms
'Holonics.Transport.HelicalCode.strandFace_repeatWord' depends on axioms: [propext, Classical.choice, Quot.sound]
'Holonics.Transport.HelicalCode.strandFace_repeatWord_sub' depends on axioms: [propext, Classical.choice, Quot.sound]
'Holonics.Transport.HelicalCode.strandFace_repeatWord_one_sub' depends on axioms: [propext,
 Classical.choice,
 Quot.sound]
'Holonics.Transport.HelicalCode.strandFace_repeatWord_of_fixed' depends on axioms: [propext,
 Classical.choice,
 Quot.sound]
'Holonics.Transport.HelicalCode.strandFace_ofFn' depends on axioms: [propext, Classical.choice, Quot.sound]
'Holonics.Transport.HelicalCode.face' depends on axioms: [propext]
'Holonics.Transport.HelicalCode.face_ofFn' depends on axioms: [propext, Classical.choice, Quot.sound]
'Holonics.Transport.HelicalCode.J_zpow' depends on axioms: [propext]
'Holonics.Transport.HelicalCode.J_pow' depends on axioms: [propext]
'Holonics.Transport.HelicalCode.strandFace_complementReverse_nat' depends on axioms: [propext]
'Holonics.Transport.HelicalCode.face_complementReverse' depends on axioms: [propext]
'Holonics.Transport.HelicalCode.partner_map_involutive' depends on axioms: [propext]
'Holonics.Transport.HelicalCode.dihedral_swap' depends on axioms: [propext]
'Holonics.Transport.HelicalCode.dihedral_reflection_sq' depends on axioms: [propext]
'Holonics.Transport.HelicalCode.dihedral_conj' depends on axioms: [propext, Quot.sound]
'Holonics.Transport.HelicalCode.halfTurn_inverts_shift' depends on axioms: [propext]
'Holonics.Transport.HelicalCode.frameShift' depends on axioms: [propext, Quot.sound]
'Holonics.Transport.HelicalCode.frameFlip' depends on axioms: [propext, Quot.sound]
'Holonics.Transport.HelicalCode.frameFlip_frameFlip' depends on axioms: [propext, Quot.sound]
'Holonics.Transport.HelicalCode.frameFlip_frameShift_frameFlip' depends on axioms: [propext, Quot.sound]
'Holonics.Transport.HelicalCode.frameShift_neg_frameShift' depends on axioms: [propext, Quot.sound]
'Holonics.Transport.HelicalCode.frameShift_iterate' depends on axioms: [propext, Quot.sound]
'Holonics.Transport.HelicalCode.dihedralFrame' depends on axioms: [propext, Quot.sound]
'Holonics.Transport.HelicalCode.dihedralFrame_bijective' depends on axioms: [propext, Quot.sound]
'Holonics.Transport.HelicalCode.kleinAct' depends on axioms: [propext]
'Holonics.Transport.HelicalCode.kleinAct_zero_right' depends on axioms: [propext]
'Holonics.Transport.HelicalCode.kleinAct_self' depends on axioms: [propext]
'Holonics.Transport.HelicalCode.kleinAct_assoc' depends on axioms: [propext]
'Holonics.Transport.HelicalCode.kleinAct_comm' depends on axioms: [propext]
'Holonics.Transport.HelicalCode.kleinAct_regular' depends on axioms: [propext, Quot.sound]
'Holonics.Transport.HelicalCode.kleinAct_free_involution' depends on axioms: [propext]
'Holonics.Transport.HelicalCode.kleinAct_injective' depends on axioms: [propext]
'Holonics.Transport.HelicalCode.kleinAct_fourth' depends on axioms: [propext]
'Holonics.Transport.HelicalCode.free_involution_eq_kleinAct' depends on axioms: [propext]
'Holonics.Transport.HelicalCode.free_involution_iff' depends on axioms: [propext]
'Holonics.Transport.HelicalCode.card_free_involutions_fin4' depends on axioms: [propext, Classical.choice, Quot.sound]
'Holonics.Transport.HelicalCode.free_involution_commutes' depends on axioms: [propext]
'Holonics.Transport.HelicalCode.getElem?_complementReverse_rev' depends on axioms: [propext, Quot.sound]
'Holonics.Transport.HelicalCode.slipped_contact_iff' depends on axioms: [propext, Quot.sound]
'Holonics.Transport.HelicalCode.slipped_contacts_eq' depends on axioms: [propext, Quot.sound]
'Holonics.Transport.HelicalCode.slipped_repairs_distinct' depends on axioms: [propext, Quot.sound]
'Holonics.Transport.HelicalCode.duplexSigns' depends on axioms: [propext]
'Holonics.Transport.HelicalCode.duplex_passage_sum' depends on axioms: [propext, Classical.choice, Quot.sound]
'Holonics.Transport.HelicalCode.duplex_passage_linking' depends on axioms: [propext, Classical.choice, Quot.sound]
'Holonics.Transport.HelicalCode.duplex_passage_pm_four' depends on axioms: [propext, Quot.sound]
