   Compiling holonics-cuda v0.1.0 (<workspace>/.local/lean-rust-pruning/admission-v1/hnn-communication-dd48efb4-20261006/source-v1/crates/holonics-cuda)
    Checking thiserror v2.0.19
    Checking holonics v0.1.0 (<workspace>/.local/lean-rust-pruning/admission-v1/hnn-communication-dd48efb4-20261006/source-v1/crates/holonics)
error[E0277]: the trait bound `encoding::Encoded: std::cmp::Eq` is not satisfied
    --> crates/holonics/src/hnn/physical/communication.rs:36:5
     |
  34 | #[derive(Clone, Debug, PartialEq, Eq)]
     |                                   -- in this derive macro expansion
  35 | pub struct PhysicalBoundary {
  36 |     chart: Encoded,
     |     ^^^^^^^^^^^^^^ unsatisfied trait bound
     |
help: the trait `std::cmp::Eq` is not implemented for `encoding::Encoded`
    --> crates/holonics/src/hnn/encoding.rs:1116:1
     |
1116 | pub struct Encoded {
     | ^^^^^^^^^^^^^^^^^^
note: required by a bound in `AssertParamIsEq`
    --> <operator-home>/.rustup/toolchains/stable-x86_64-unknown-linux-gnu/lib/rustlib/src/rust/library/core/src/cmp.rs:367:31
     |
 367 | pub struct AssertParamIsEq<T: Eq + PointeeSized> {
     |                               ^^ required by this bound in `AssertParamIsEq`

error[E0277]: the trait bound `hnn::encoding::Encoded: std::cmp::Eq` is not satisfied
    --> crates/holonics/src/hnn/physical/communication.rs:36:5
     |
  34 | #[derive(Clone, Debug, PartialEq, Eq)]
     |                                   -- in this derive macro expansion
  35 | pub struct PhysicalBoundary {
  36 |     chart: Encoded,
     |     ^^^^^^^^^^^^^^ unsatisfied trait bound
     |
help: the trait `std::cmp::Eq` is not implemented for `hnn::encoding::Encoded`
    --> crates/holonics/src/hnn/encoding.rs:1116:1
     |
1116 | pub struct Encoded {
     | ^^^^^^^^^^^^^^^^^^
note: required by a bound in `AssertParamIsEq`
    --> <operator-home>/.rustup/toolchains/stable-x86_64-unknown-linux-gnu/lib/rustlib/src/rust/library/core/src/cmp.rs:367:31
     |
 367 | pub struct AssertParamIsEq<T: Eq + PointeeSized> {
     |                               ^^ required by this bound in `AssertParamIsEq`

For more information about this error, try `rustc --explain E0277`.
error: could not compile `holonics` (lib) due to 1 previous error
warning: build failed, waiting for other jobs to finish...
error: could not compile `holonics` (lib test) due to 1 previous error
