'Holonics.Fluid.NavierStokesTransportedScalarMaximumPrinciple.deriv_deriv_nonpos_of_isLocalMax' depends on axioms: [propext,
 Classical.choice,
 Quot.sound]
'Holonics.Fluid.NavierStokesTransportedScalarMaximumPrinciple.laplacian_nonpos_of_isLocalMax' depends on axioms: [propext,
 Classical.choice,
 Quot.sound]
'Holonics.Fluid.NavierStokesTransportedScalarMaximumPrinciple.transportedSubsolution_le_of_le_at' depends on axioms: [propext,
 Classical.choice,
 Quot.sound]
'Holonics.Fluid.NavierStokesTransportedScalarMaximumPrinciple.transportedSubsolution_le_of_initial_le' depends on axioms: [propext,
 Classical.choice,
 Quot.sound]
'Holonics.Fluid.NavierStokesTransportedScalarMaximumPrinciple.transportedScalar_le_of_initial_le' depends on axioms: [propext,
 Classical.choice,
 Quot.sound]
'Holonics.Fluid.NavierStokesTransportedScalarMaximumPrinciple.transportedSubsolution_mul_weight_le_of_le_at' depends on axioms: [propext,
 Classical.choice,
 Quot.sound]
'Holonics.Fluid.NavierStokesTransportedScalarMaximumPrinciple.transportedSubsolution_mul_weight_le_of_initial_le' depends on axioms: [propext,
 Classical.choice,
 Quot.sound]
'Holonics.Fluid.NavierStokesTransportedScalarMaximumPrinciple.abs_transportedScalar_le_of_abs_initial_le' depends on axioms: [propext,
 Classical.choice,
 Quot.sound]
'Holonics.Fluid.NavierStokesTransportedScalarMaximumPrinciple.transportedSubsolution_le_additive_source_budget' depends on axioms: [propext,
 Classical.choice,
 Quot.sound]
'Holonics.Fluid.NavierStokesTransportedScalarMaximumPrinciple.strict_event_absent_of_additive_source_budget' depends on axioms: [propext,
 Classical.choice,
 Quot.sound]
'Holonics.Fluid.NavierStokesTransportedScalarMaximumPrinciple.sustained_source_receiver_event_iff' depends on axioms: [propext,
 Classical.choice,
 Quot.sound]
'Holonics.Fluid.NavierStokesTransportedScalarMaximumPrinciple.arbitrarily_small_sustained_source_crosses' depends on axioms: [propext,
 Classical.choice,
 Quot.sound]
