helical-duplex changed transport: the receiver founded on advances 0, 3, 6, 9 identifies lifts 0 and 1; one advance changed to 2 separates them, and the decoder refuses the changed transport its founded quotient
helical-duplex malformed contact: partner contacts 3 and usize::MAX on a duplex of 3 are refused as IndexOutside before any reversal
helical-duplex (a) pairing: chart="text digits (base four)" classes=4 word laws checked=64 self-paired words of length 0, 2, 4 = [1, 4, 16] (|A|^m), of length 1, 3 = 0; Klein: 3 of 256 maps on four letters are fixed-point-free involutions
helical-duplex (a) pairing: chart="twelve pitch classes" classes=12 word laws checked=64 self-paired words of length 0, 2, 4 = [1, 12, 144] (|A|^m), of length 1, 3 = 0; Klein: 3 of 256 maps on four letters are fixed-point-free involutions
helical-duplex (a) pairing: chart="eight amplitude levels" classes=8 word laws checked=64 self-paired words of length 0, 2, 4 = [1, 8, 64] (|A|^m), of length 1, 3 = 0; Klein: 3 of 256 maps on four letters are fixed-point-free involutions
helical-duplex (f) held witness pair: chart="text digits (base four)" slipped contacts=[2] members=2 witness strands [0, 1, 1, 1, 2, 0, 0, 1, 1, 1, 2, 0] / [0, 1, 2, 1, 2, 0, 0, 1, 1, 1, 2, 0] (letters 15 81 58 / 19 81 58) differ first at coordinate 3 of 13 (positions 0..=12, then the winding); family diameter=1
helical-duplex (f) free family: 3 released (class equals the truth's) and 21 held of 24 damaged duplexes; members over all families=92; intact duplexes released with their own class
helical-duplex (f) held witness pair: chart="twelve pitch classes" slipped contacts=[0, 7] members=4 witness strands [7, 5, 6, 5, 2, 3, 5, 7, 5, 2, 3, 5] / [6, 5, 6, 5, 2, 3, 5, 7, 5, 2, 3, 5] (letters [7, 5, 6, 5, 2, 3, 5, 7, 5, 2, 3, 5] / [6, 5, 6, 5, 2, 3, 5, 7, 5, 2, 3, 5]) differ first at coordinate 1 of 13 (positions 0..=12, then the winding); family diameter=1
helical-duplex (f) free family: 0 released (class equals the truth's) and 24 held of 24 damaged duplexes; members over all families=134; intact duplexes released with their own class
helical-duplex (f) held witness pair: chart="eight amplitude levels" slipped contacts=[9] members=2 witness strands [0, 3, 4, 7, 0, 1, 0, 1, 0, 6, 0, 1] / [0, 3, 4, 7, 0, 1, 0, 1, 0, 1, 0, 1] (letters [0, 3, 4, 7, 0, 1, 0, 1, 0, 6, 0, 1] / [0, 3, 4, 7, 0, 1, 0, 1, 0, 1, 0, 1]) differ first at coordinate 10 of 13 (positions 0..=12, then the winding); family diameter=1
helical-duplex (f) free family: 3 released (class equals the truth's) and 21 held of 24 damaged duplexes; members over all families=108; intact duplexes released with their own class
helical-duplex (c) fit-first: 40 passages placed, 120 one-letter substitutions and 16 random words refused with their located defects (positions equal the shift law / explicit stepping / the transport's patch count; 577 defect positions in all)
helical-duplex (c) fit-first: 40 passages placed, 120 one-letter substitutions and 16 random words refused with their located defects (positions equal the shift law / explicit stepping / the transport's patch count; 673 defect positions in all)
helical-duplex (c) fit-first: 40 passages placed, 120 one-letter substitutions and 16 random words refused with their located defects (positions equal the shift law / explicit stepping / the transport's patch count; 703 defect positions in all)
helical-duplex shift: the carried shift Δ = A(u′) − A(u) over all 16 ordered class pairs is signed, antisymmetric and zero exactly on equal advances; 168 later lifts of damaged words moved by exactly Δ and none before the substitution
helical-duplex shift: the carried shift Δ = A(u′) − A(u) over all 144 ordered class pairs is signed, antisymmetric and zero exactly on equal advances; 168 later lifts of damaged words moved by exactly Δ and none before the substitution
helical-duplex shift: the carried shift Δ = A(u′) − A(u) over all 64 ordered class pairs is signed, antisymmetric and zero exactly on equal advances; 127 later lifts of damaged words moved by exactly Δ and none before the substitution
helical-duplex (f) template: 24 damaged duplexes, each repaired to one member by marking the intact side; released class equals the truth's in all
helical-duplex (f) template: 24 damaged duplexes, each repaired to one member by marking the intact side; released class equals the truth's in all
helical-duplex (f) template: 24 damaged duplexes, each repaired to one member by marking the intact side; released class equals the truth's in all
helical-duplex (g) empty family: 24 coordinated and 24 two-sided changes on unseen keys, each fit-constrained decoding the typed NoCompatibleSource defect (slipped contacts named: none and one), nothing released; the supports reach 1 state up to the substituted position and 0 after
helical-duplex (g) empty family: 24 coordinated and 24 two-sided changes on unseen keys, each fit-constrained decoding the typed NoCompatibleSource defect (slipped contacts named: none and one), nothing released; the supports reach 1 state up to the substituted position and 0 after
helical-duplex (g) empty family: 24 coordinated and 24 two-sided changes on unseen keys, each fit-constrained decoding the typed NoCompatibleSource defect (slipped contacts named: none and one), nothing released; the supports reach 1 state up to the substituted position and 0 after
helical-duplex unreached: a receiver opened at lift 0 reaches 6 of 12 lifts; an odd lift refuses with Unreached, as does a class that reads one
helical-duplex (h) coverage: 168 coordinated cases (144 single, exhaustive over two words of 24 and all 3 other letters; 24 drawn with two or three substitutions): slipped contacts=0 (the pairing is blind); online released with one member in all; against the known truth absorbed=16 (class equals the truth's) residual=152 (class differs, released anyway); 8 contacts changed on both strands, not complementarily, slip with candidates that miss the truth
helical-duplex (h) coverage: 552 coordinated cases (528 single, exhaustive over two words of 24 and all 11 other letters; 24 drawn with two or three substitutions): slipped contacts=0 (the pairing is blind); online released with one member in all; against the known truth absorbed=12 (class equals the truth's) residual=540 (class differs, released anyway); 8 contacts changed on both strands, not complementarily, slip with candidates that miss the truth
helical-duplex (h) coverage: 360 coordinated cases (336 single, exhaustive over two words of 24 and all 7 other letters; 24 drawn with two or three substitutions): slipped contacts=0 (the pairing is blind); online released with one member in all; against the known truth absorbed=11 (class equals the truth's) residual=349 (class differs, released anyway); 8 contacts changed on both strands, not complementarily, slip with candidates that miss the truth
helical-duplex (b) crt: periods=[7, 4] D=28 residue tuples recovered=28 (all distinct), refusals: wrong length (two), residue at its period
helical-duplex (b) crt: periods=[5, 12] D=60 residue tuples recovered=60 (all distinct), refusals: wrong length (two), residue at its period
helical-duplex (b) crt: periods=[5, 8] D=40 residue tuples recovered=40 (all distinct), refusals: wrong length (two), residue at its period
helical-duplex (b) crt: periods=[2, 3, 5] D=30 residue tuples recovered=30 (all distinct), refusals: wrong length (two), residue at its period
helical-duplex (b) crt: periods=[3, 4, 5] D=60 residue tuples recovered=60 (all distinct), refusals: wrong length (two), residue at its period
helical-duplex (b) carry: 8 acceptance passages of 48, steps checked=384, whole windings counted by the odometer's last carry in total=64; every lift = windings·D + the residues' lift
helical-duplex (b) carry: 8 acceptance passages of 48, steps checked=384, whole windings counted by the odometer's last carry in total=160; every lift = windings·D + the residues' lift
helical-duplex (b) carry: 8 acceptance passages of 48, steps checked=384, whole windings counted by the odometer's last carry in total=162; every lift = windings·D + the residues' lift
helical-duplex (f) complete support: 1994 supported states over 24 damaged duplexes, in the free and the fit-constrained family, each extended to an actual full-length member through it
helical-duplex (f) complete support: 2696 supported states over 24 damaged duplexes, in the free and the fit-constrained family, each extended to an actual full-length member through it
helical-duplex (f) complete support: 2304 supported states over 24 damaged duplexes, in the free and the fit-constrained family, each extended to an actual full-length member through it
helical-duplex (d) placement: 56 duplexes placed on 8 unseen keys and lengths [0, 1, 2, 5, 12, 24, 48] (n = 0 and n = 1 explicit), 1472 partner equations checked on phases, partner endpoint equals reflect_key(key) as a phase in all and differs as an integer in 32
helical-duplex (d) placement: 56 duplexes placed on 8 unseen keys and lengths [0, 1, 2, 5, 12, 24, 48] (n = 0 and n = 1 explicit), 1472 partner equations checked on phases, partner endpoint equals reflect_key(key) as a phase in all and differs as an integer in 48
helical-duplex (d) placement: 56 duplexes placed on 8 unseen keys and lengths [0, 1, 2, 5, 12, 24, 48] (n = 0 and n = 1 explicit), 1472 partner equations checked on phases, partner endpoint equals reflect_key(key) as a phase in all and differs as an integer in 43
helical-duplex (e) channel: 24 damaged duplexes (12 on the strand, 12 on the partner), 40 substituted contacts = 40 slipped contacts, sets equal in 24
helical-duplex (e) channel: 24 damaged duplexes (12 on the strand, 12 on the partner), 55 substituted contacts = 55 slipped contacts, sets equal in 24
helical-duplex (e) channel: 24 damaged duplexes (12 on the strand, 12 on the partner), 48 substituted contacts = 48 slipped contacts, sets equal in 24
helical-duplex (f) diameter equation: 24 families enumerated completely (92 members in all); |X_k| = distinct lifts and within min(2^slips, k(D-1)+1); distinct readings per coordinate and windings equal; tuple diameter = max over coordinates = the decoder's in all; widest diameter seen=2; forward transitions Σ|X_k||F_k| = 1290
helical-duplex (f) diameter equation: 24 families enumerated completely (134 members in all); |X_k| = distinct lifts and within min(2^slips, k(D-1)+1); distinct readings per coordinate and windings equal; tuple diameter = max over coordinates = the decoder's in all; widest diameter seen=2; forward transitions Σ|X_k||F_k| = 1980
helical-duplex (f) diameter equation: 24 families enumerated completely (108 members in all); |X_k| = distinct lifts and within min(2^slips, k(D-1)+1); distinct readings per coordinate and windings equal; tuple diameter = max over coordinates = the decoder's in all; widest diameter seen=2; forward transitions Σ|X_k||F_k| = 1602
helical-duplex (f) witnesses: 21 held families, each with two actual full-length members (letters in their local factors, lifts and classes recomputed), distinct classes, attaining the family diameter at the stated coordinate
helical-duplex (f) witnesses: 24 held families, each with two actual full-length members (letters in their local factors, lifts and classes recomputed), distinct classes, attaining the family diameter at the stated coordinate
helical-duplex (f) witnesses: 21 held families, each with two actual full-length members (letters in their local factors, lifts and classes recomputed), distinct classes, attaining the family diameter at the stated coordinate
helical-duplex lifts: 736 steps checked on unseen keys and lengths [0, 1, 2, 5, 12, 24, 48]; a class outside the advances is refused
helical-duplex lifts: 736 steps checked on unseen keys and lengths [0, 1, 2, 5, 12, 24, 48]; a class outside the advances is refused
helical-duplex lifts: 736 steps checked on unseen keys and lengths [0, 1, 2, 5, 12, 24, 48]; a class outside the advances is refused
helical-duplex setting: chart="text digits (base four)" periods=[7, 4] D=28 D_low=7 cells=4 | DEVELOPMENT: terrain seed=0x48454c4900000001 (scan offset 0 of at most 4096), advances=[1, 3, 17, 1], labels=[1, 2, 3, 0], receiver opened at keys [0, 5], reached=28 of D=28, founded dimension=22 | ACCEPTANCE: seed stream=0x48454c4900ac0001, keys=[27, 26, 2, 6, 7, 12, 23, 22] (disjoint from the openings: true), lengths [0, 1, 2, 5, 12, 24, 48], damaged lengths [12, 24, 48]
helical-duplex setting: sample strand from acceptance key 27: 15 81 58 15 81 58 / its partner da bd ab da bd ab
helical-duplex setting: chart="twelve pitch classes" periods=[5, 12] D=60 D_low=5 cells=12 | DEVELOPMENT: terrain seed=0x48454c4900010001 (scan offset 0 of at most 4096), advances=[38, 27, 14, 35, 57, 8, 55, 21, 6, 10, 31, 55], labels=[10, 8, 9, 11, 5, 6, 2, 0, 4, 3, 7, 1], receiver opened at keys [0, 5], reached=60 of D=60, founded dimension=56 | ACCEPTANCE: seed stream=0x48454c4900ac0101, keys=[26, 59, 38, 43, 57, 29, 3, 42] (disjoint from the openings: true), lengths [0, 1, 2, 5, 12, 24, 48], damaged lengths [12, 24, 48]
helical-duplex setting: sample strand from acceptance key 26: [6, 5, 6, 5, 2, 3, 5, 6, 5, 2, 3, 5, 6, 5, 2, 3, 5, 6, 5, 2, 3, 5, 6, 5] / its partner [11, 0, 11, 9, 8, 11, 0, 11, 9, 8, 11, 0, 11, 9, 8, 11, 0, 11, 9, 8, 11, 0, 11, 0]
helical-duplex setting: chart="eight amplitude levels" periods=[5, 8] D=40 D_low=5 cells=8 | DEVELOPMENT: terrain seed=0x48454c4900020001 (scan offset 0 of at most 4096), advances=[34, 6, 9, 9, 12, 5, 29, 21], labels=[6, 1, 3, 0, 4, 5, 7, 2], receiver opened at keys [0, 5], reached=40 of D=40, founded dimension=36 | ACCEPTANCE: seed stream=0x48454c4900ac0201, keys=[19, 37, 21, 18, 23, 9, 28, 33] (disjoint from the openings: true), lengths [0, 1, 2, 5, 12, 24, 48], damaged lengths [12, 24, 48]
helical-duplex setting: sample strand from acceptance key 19: [0, 3, 4, 7, 0, 1, 0, 1, 0, 1, 0, 1, 0, 1, 0, 1, 0, 1, 0, 1, 0, 1, 0, 1] / its partner [6, 7, 6, 7, 6, 7, 6, 7, 6, 7, 6, 7, 6, 7, 6, 7, 6, 7, 6, 7, 0, 3, 4, 7]
helical-duplex carry: supports X_0, X_1, X_2 hold [1, 2, 4] states; lifts of X_2 = [7, 12, 14, 19] (19 and 7 are one phase, two windings); distinct readings per coordinate [1, 2, 3, 2], family diameter=1
helical-duplex (g) fit-constrained: the transport alone resolves 24 of 24 damaged duplexes (including 21 of the 21 held by the free family), each to the truth's class with one member; backward sweep = forward sweep = n + s transitions
helical-duplex (g) fit-constrained: the transport alone resolves 24 of 24 damaged duplexes (including 24 of the 24 held by the free family), each to the truth's class with one member; backward sweep = forward sweep = n + s transitions
helical-duplex (g) fit-constrained: the transport alone resolves 24 of 24 damaged duplexes (including 21 of the 21 held by the free family), each to the truth's class with one member; backward sweep = forward sweep = n + s transitions
helical-duplex (i) contacts: 16 pairs 4 locked = |A| = 4 (zero slip iff b = σ(a)); one chart on both sides would lock 4 equal-letter pairs; slipped contacts by letters = by locks on 32 random word pairs (165 slips)
helical-duplex (i) contacts: 144 pairs 12 locked = |A| = 12 (zero slip iff b = σ(a)); one chart on both sides would lock 12 equal-letter pairs; slipped contacts by letters = by locks on 32 random word pairs (180 slips)
helical-duplex (i) contacts: 64 pairs 8 locked = |A| = 8 (zero slip iff b = σ(a)); one chart on both sides would lock 8 equal-letter pairs; slipped contacts by letters = by locks on 32 random word pairs (154 slips)
