N = 5: 2 gap ratios
     3 × 9 : 8   = 3^2 : 2^3
     2 × 32 : 27   = 2^5 : 3^3
   larger / smaller = 256 : 243   = 2^8 : 3^5
N = 7: 2 gap ratios
     2 × 256 : 243   = 2^8 : 3^5
     5 × 9 : 8   = 3^2 : 2^3
   larger / smaller = 2187 : 2048   = 3^7 : 2^11
N = 12: 2 gap ratios
     7 × 256 : 243   = 2^8 : 3^5
     5 × 2187 : 2048   = 3^7 : 2^11
   larger / smaller = 531441 : 524288   = 3^12 : 2^19
N = 41: 2 gap ratios
    29 × 531441 : 524288   = 3^12 : 2^19
    12 × 70368744177664 : 68630377364883   = 2^46 : 3^29
   larger / smaller = 36893488147419103232 : 36472996377170786403   = 2^65 : 3^41
N = 53: 2 gap ratios
    12 × 36893488147419103232 : 36472996377170786403   = 2^65 : 3^41
    41 × 531441 : 524288   = 3^12 : 2^19
   larger / smaller = 19383245667680019896796723 : 19342813113834066795298816   = 3^53 : 2^84
exit 0 wall 15 ms
