   Compiling holonics-cuda v0.1.0 (/home/b/Workspaces/holonics/.local/lean-rust-pruning/admission-v1/hnn-charted-operand-bc32c60f3-20261006/source-v1/crates/holonics-cuda)
    Checking thiserror v2.0.19
    Checking holonics v0.1.0 (/home/b/Workspaces/holonics/.local/lean-rust-pruning/admission-v1/hnn-charted-operand-bc32c60f3-20261006/source-v1/crates/holonics)
warning: unused import: `holonics::hnn::field::FieldMaterial`
   --> crates/holonics/../../research/notebook/hnn_design/hnn_physical_receive.rs:150:9
    |
150 |     use holonics::hnn::field::FieldMaterial;
    |         ^^^^^^^^^^^^^^^^^^^^^^^^^^^^^^^^^^^
    |
    = note: `#[warn(unused_imports)]` (part of `#[warn(unused)]`) on by default

warning: `holonics` (example "hnn_prediction") generated 1 warning (run `cargo fix --example "hnn_prediction" -p holonics` to apply 1 suggestion)
error[E0507]: cannot move out of `*word` which is behind a shared reference
   --> crates/holonics/src/hnn/prediction/charted.rs:698:18
    |
698 |         let back=word.pull_back(&g,theta.receiving_map(0).unwrap(),&current.lift()[0],&phases).unwrap();
    |                  ^^^^ move occurs because `*word` has type `hnn::word::Word<'_>`, which does not implement the `Copy` trait
    |
note: if `hnn::word::Word<'_>` implemented `Clone`, you could clone the value
   --> crates/holonics/src/hnn/word.rs:169:1
    |
169 | pub struct Word<'c> {
    | ^^^^^^^^^^^^^^^^^^^ consider implementing `Clone` for this type
    |
   ::: crates/holonics/src/hnn/prediction/charted.rs:698:18
    |
698 |         let back=word.pull_back(&g,theta.receiving_map(0).unwrap(),&current.lift()[0],&phases).unwrap();
    |                  ---- you could clone this value

For more information about this error, try `rustc --explain E0507`.
error: could not compile `holonics` (lib test) due to 1 previous error
