lean/Holonics/HNN/SingleHoleResponse/GrainRelease.lean:26:0: warning: automatically included section variable(s) unused in theorem `Holonics.HNN.SingleHoleResponse.exactLeaderUnion_mem_iff`:
  [Fintype Completion]
  [DecidableEq Completion]
consider restructuring your `variable` declarations so that the variables are not in scope or explicitly omit them:
  omit [Fintype Completion] [DecidableEq Completion] in theorem ...

Note: This linter can be disabled with `set_option linter.unusedSectionVars false`
lean/Holonics/HNN/SingleHoleResponse/GrainRelease.lean:59:2: error: No goals to be solved
lean/Holonics/HNN/SingleHoleResponse/GrainRelease.lean:50:0: warning: automatically included section variable(s) unused in theorem `Holonics.HNN.SingleHoleResponse.constant_face_released_at_zero`:
  [Fintype Completion]
  [DecidableEq Completion]
consider restructuring your `variable` declarations so that the variables are not in scope or explicitly omit them:
  omit [Fintype Completion] [DecidableEq Completion] in theorem ...

Note: This linter can be disabled with `set_option linter.unusedSectionVars false`
lean/Holonics/HNN/SingleHoleResponse/GrainRelease.lean:62:0: warning: automatically included section variable(s) unused in theorem `Holonics.HNN.SingleHoleResponse.holdingLaw_releases_constant_face_at_zero`:
  [Fintype Completion]
  [DecidableEq Completion]
consider restructuring your `variable` declarations so that the variables are not in scope or explicitly omit them:
  omit [Fintype Completion] [DecidableEq Completion] in theorem ...

Note: This linter can be disabled with `set_option linter.unusedSectionVars false`
'Holonics.HNN.SingleHoleResponse.exactLeaderUnion_mem_iff' depends on axioms: [propext, Classical.choice, Quot.sound]
'Holonics.HNN.SingleHoleResponse.exactLeaderUnion_sound' depends on axioms: [propext, Classical.choice, Quot.sound]
'Holonics.HNN.SingleHoleResponse.constant_face_released_at_zero' depends on axioms: [propext,
 Classical.choice,
 Quot.sound]
'Holonics.HNN.SingleHoleResponse.holdingLaw_releases_constant_face_at_zero' depends on axioms: [propext,
 Classical.choice,
 Quot.sound]
'Holonics.HNN.SingleHoleResponse.singletonLeader_holdingLaw_release' depends on axioms: [propext,
 Classical.choice,
 Quot.sound]
